This is TeX, Version 3.14159 (MiKTeX 1.20e) (preloaded format=latex 2000.9.5)  26 MAR 2001 15:25
**radar.tex
(radar.tex
LaTeX2e <1999/06/01> patch level 1
Babel <v3.6z> and hyphenation patterns for american, french, german, ngerman, n
ohyphenation, loaded.
(C:\texmf\tex\latex\base\article.cls
Document Class: article 1999/01/07 v1.4a Standard LaTeX document class
(C:\texmf\tex\latex\base\size10.clo
File: size10.clo 1999/01/07 v1.4a Standard LaTeX file (size option)
)
\c@part=\count79
\c@section=\count80
\c@subsection=\count81
\c@subsubsection=\count82
\c@paragraph=\count83
\c@subparagraph=\count84
\c@figure=\count85
\c@table=\count86
\abovecaptionskip=\skip41
\belowcaptionskip=\skip42
\bibindent=\dimen102
) (C:\texmf\tex\latex\graphics\graphics.sty
Package: graphics 1999/02/16 v1.0l Standard LaTeX Graphics (DPC,SPQR)
(C:\texmf\tex\latex\graphics\trig.sty
Package: trig 1999/03/16 v1.09 sin cos tan (DPC)
) (C:\texmf\tex\latex\config\graphics.cfg)
Package graphics Info: Driver file: dvips.def on input line 80.
(C:\texmf\tex\latex\graphics\dvips.def
File: dvips.def 1999/02/16 v3.0i Driver-dependant file (DPC,SPQR)
)) (radar.aux)
LaTeX Font Info:    Checking defaults for OML/cmm/m/it on input line 3.
LaTeX Font Info:    ... okay on input line 3.
LaTeX Font Info:    Checking defaults for T1/cmr/m/n on input line 3.
LaTeX Font Info:    ... okay on input line 3.
LaTeX Font Info:    Checking defaults for OT1/cmr/m/n on input line 3.
LaTeX Font Info:    ... okay on input line 3.
LaTeX Font Info:    Checking defaults for OMS/cmsy/m/n on input line 3.
LaTeX Font Info:    ... okay on input line 3.
LaTeX Font Info:    Checking defaults for OMX/cmex/m/n on input line 3.
LaTeX Font Info:    ... okay on input line 3.
LaTeX Font Info:    Checking defaults for U/cmr/m/n on input line 3.
LaTeX Font Info:    ... okay on input line 3.
File: bg30prof.eps  Graphic file (type eps)
 <bg30prof.eps >
File: bg35prof.eps  Graphic file (type eps)

<bg35prof.eps >
File: bg45prof.eps  Graphic file (type eps)
 <bg45prof.eps >
File: bg50prof.eps  Graphic file (type eps)
 <bg50prof.eps > [1

] [2] (radar.aux) )
Output written on radar.dvi (2 pages, 1444 bytes).
